// Jest Snapshot v1, https://goo.gl/fbAQLP

exports[`TelegrafInstructions matches snapshot 1`] = `
<Fragment>
  <h3
    className="wizard-step--title"
  >
    Listen for Streaming Data
  </h3>
  <h5
    className="wizard-step--sub-title"
  >
    You have selected streaming data sources. Follow the instructions below to begin listening for incoming data.
  </h5>
  <div
    className="wizard-step--body"
  >
    <h6>
      Install
    </h6>
    <p>
      You can download the binaries directly from the downloads page or from the releases section.
       
    </p>
    <h6>
      Start Data Stream
    </h6>
    <p>
      After installing the telegraf client, save this environment variable. run the following command.
    </p>
    <CopyText
      copyText="export INFLUX_TOKEN="
      notify={[MockFunction]}
    />
    <p>
      Run the following command.
    </p>
    <CopyText
      copyText="telegraf -config http://localhost:9999/api/v2/telegrafs/"
      notify={[MockFunction]}
    />
  </div>
</Fragment>
`;
