// Jest Snapshot v1, https://goo.gl/fbAQLP

exports[`Account rendering renders! 1`] = `
<Page
  titleTag="Account"
>
  <PageHeader
    fullWidth={false}
    inPresentationMode={false}
  >
    <PageHeaderLeft
      offsetPixels={0}
    >
      <PageTitle
        title="Account"
      />
    </PageHeaderLeft>
    <PageHeaderRight
      offsetPixels={0}
    />
  </PageHeader>
  <PageContents
    fullWidth={false}
    scrollable={true}
  >
    <withRouter(TabbedPage)
      activeTabUrl="settings"
      name="Account"
      parentUrl="/account"
    >
      <TabbedPageSection
        id="settings"
        title="My Settings"
        url="settings"
      >
        <Connect(Settings) />
      </TabbedPageSection>
      <TabbedPageSection
        id="tokens"
        title="My Tokens"
        url="tokens"
      >
        <Connect(Tokens) />
      </TabbedPageSection>
    </withRouter(TabbedPage)>
  </PageContents>
</Page>
`;
