// Jest Snapshot v1, https://goo.gl/fbAQLP

exports[`ScraperTarget rendering renders! 1`] = `
<Grid>
  <GridRow>
    <GridColumn
      offsetXS={2}
      widthXS={8}
    >
      <FormElement
        label="Bucket"
      >
        <Dropdown
          buttonColor="default"
          buttonSize="sm"
          maxMenuHeight={250}
          menuColor="sapphire"
          mode="radio"
          onChange={[MockFunction]}
          selectedID=""
          status="default"
          titleText=""
          wrapText={false}
        />
      </FormElement>
    </GridColumn>
    <GridColumn
      offsetXS={2}
      widthXS={8}
    >
      <FormElement
        label="Target URL"
      >
        <Input
          autoFocus={true}
          autocomplete="off"
          disabledTitleText="This input is disabled"
          name=""
          onChange={[Function]}
          placeholder=""
          size="md"
          spellCheck={false}
          status="default"
          titleText="Target URL"
          type="text"
          value=""
        />
      </FormElement>
    </GridColumn>
  </GridRow>
</Grid>
`;
