// Jest Snapshot v1, https://goo.gl/fbAQLP

exports[`Onboarding.Components.CompletionStep renders 1`] = `
<div
  className="wizard--bookend-step"
>
  <h3
    className="wizard-step--title"
  >
    You are ready to go!
  </h3>
  <h5
    className="wizard-step--sub-title"
  >
    Your InfluxDB 2.0 has 1 organization, 1 user, and 1 bucket.
  </h5>
  <div
    className="splash-logo secondary"
  />
  <h3
    className="wizard-step--title"
  >
    Let’s start collecting data!
  </h3>
  <dl
    className="wizard-completion--options"
  >
    <Grid>
      <GridRow>
        <GridColumn
          widthSM={4}
          widthXS={12}
        >
          <div
            className="wizard-completion--option"
          >
            <ResourceFetcher
              fetcher={[Function]}
            >
              <Component />
            </ResourceFetcher>
            <dt>
              Time is of the essence!
            </dt>
            <dd>
              This will set up local metric collection and allow you to explore the features of InfluxDB 2.0 quickly.
            </dd>
          </div>
        </GridColumn>
        <GridColumn
          widthSM={4}
          widthXS={12}
        >
          <div
            className="wizard-completion--option"
          >
            <ResourceFetcher
              fetcher={[Function]}
            >
              <Component />
            </ResourceFetcher>
            <dt>
              Whoa looks like you’re an expert!
            </dt>
            <dd>
              This allows you to set up Telegraf, scrapers, and much more.
            </dd>
          </div>
        </GridColumn>
        <GridColumn
          widthSM={4}
          widthXS={12}
        >
          <div
            className="wizard-completion--option"
          >
            <Button
              active={false}
              color="success"
              onClick={[MockFunction]}
              shape="none"
              size="lg"
              status="default"
              text="Configure Later"
              type="button"
            />
            <dt>
              I've got this...
            </dt>
            <dd>
              Jump into Influx 2.0 and set up data collection when you’re ready.
            </dd>
          </div>
        </GridColumn>
      </GridRow>
    </Grid>
  </dl>
  <h5
    className="wizard-step--sub-title"
  />
</div>
`;
