// Jest Snapshot v1, https://goo.gl/fbAQLP

exports[`PluginsSideBar rendering renders! wee! 1`] = `
<SideBar
  title="title"
  visible={true}
>
  <SideBarTab
    active={false}
    id="cpu"
    key="cpu"
    label="cpu"
    onClick={[MockFunction]}
    status="success"
  />
  <SideBarTab
    active={false}
    id="disk"
    key="disk"
    label="disk"
    onClick={[MockFunction]}
    status="success"
  />
  <SideBarButton
    color="default"
    data-test="new"
    icon="plus"
    key="Add New Source"
    onClick={[MockFunction]}
    text="Add New Source"
    titleText="Add New Source"
  />
</SideBar>
`;
